a = "a"
b = "bb"
c = "cccc"
d = "ddd"
list = ["one", "two"]

[baz]

[doo]

[foo]

[qux.doo]
    egg = "?"
    spam = "!"

[[deeper]]
    green = true

[[deeper]]
    [deeper.blue]
        red = 255

[[deepest]]
    ping = "pong"

[[deepest]]
